#-----------------------------------------------------------
# Vivado v2020.1 (64-bit)
# SW Build 2902540 on Wed May 27 19:54:49 MDT 2020
# IP Build 2902112 on Wed May 27 22:43:36 MDT 2020
# Start of session at: Fri May  3 23:10:15 2024
# Process ID: 5816
# Current directory: C:/Users/Pato/Desktop/Universida/2024-1/SEP/IEE2463_P1/Proyecto1SEP
# Command line: vivado.exe -gui_launcher_event rodinguilauncherevent19788 C:\Users\Pato\Desktop\Universida\2024-1\SEP\IEE2463_P1\Proyecto1SEP\Proyecto1SEP.xpr
# Log file: C:/Users/Pato/Desktop/Universida/2024-1/SEP/IEE2463_P1/Proyecto1SEP/vivado.log
# Journal file: C:/Users/Pato/Desktop/Universida/2024-1/SEP/IEE2463_P1/Proyecto1SEP\vivado.jou
#-----------------------------------------------------------
start_gui
open_project C:/Users/Pato/Desktop/Universida/2024-1/SEP/IEE2463_P1/Proyecto1SEP/Proyecto1SEP.xpr
update_compile_order -fileset sources_1
open_bd_design {C:/Users/Pato/Desktop/Universida/2024-1/SEP/IEE2463_P1/Proyecto1SEP/Proyecto1SEP.srcs/sources_1/bd/Proyecto_1_sep/Proyecto_1_sep.bd}
startgroup
create_bd_cell -type ip -vlnv xilinx.com:ip:axi_traffic_gen:3.0 axi_traffic_gen_0
endgroup
regenerate_bd_layout -routing
regenerate_bd_layout
regenerate_bd_layout -routing
regenerate_bd_layout -routing
set_property -dict [list CONFIG.C_ATG_SYSTEM_CMD_MAX_RETRY {2147483647} CONFIG.C_ATG_SYSTEM_INIT_DATA_MIF {C:/Users/Pato/Desktop/Universida/2024-1/SEP/IEE2463_P1/Extras/Ay5_coe_files/data.coe} CONFIG.C_ATG_SYSTEM_INIT_ADDR_MIF {C:/Users/Pato/Desktop/Universida/2024-1/SEP/IEE2463_P1/Extras/Ay5_coe_files/addr.coe} CONFIG.C_ATG_SYSTEM_INIT_MASK_MIF {C:/Users/Pato/Desktop/Universida/2024-1/SEP/IEE2463_P1/Extras/Ay5_coe_files/mask.coe} CONFIG.C_ATG_SYSTEM_INIT_CTRL_MIF {C:/Users/Pato/Desktop/Universida/2024-1/SEP/IEE2463_P1/Extras/Ay5_coe_files/ctrl.coe} CONFIG.C_ATG_MODE {AXI4-Lite} CONFIG.C_ATG_SYSINIT_MODES {System_Test} CONFIG.C_ATG_MIF_DATA_DEPTH {256}] [get_bd_cells axi_traffic_gen_0]
set_property location {2 395 144} [get_bd_cells axi_traffic_gen_0]
set_property location {2 312 54} [get_bd_cells axi_traffic_gen_0]
